// Bun Snapshot v1, https://goo.gl/fbAQLP

exports[`<Dropdown /> Snapshot 1`] = `[Function]`;
