// Vitest Snapshot v1, https://vitest.dev/guide/snapshot.html

exports[`<Button /> > Snapshot 1`] = `
<div>
  <button
    class="flex items-center justify-center gap-2 rounded-md border-2 border-accent-7 bg-accent-1 font-medium text-accent-11 no-underline outline-none transition hover:border-accent-8 focus:border-transparent focus:bg-accent-9 focus:text-accentContrast focus:ring-4 focus:ring-accent-6 hover:focus:border-transparent text-base py-2 px-6"
    type="button"
  >
    Button
  </button>
  <button
    class="flex items-center justify-center gap-2 rounded-md border-2 border-accent-7 bg-accent-1 font-medium text-accent-11 no-underline outline-none transition hover:border-accent-8 focus:border-transparent focus:bg-accent-9 focus:text-accentContrast focus:ring-4 focus:ring-accent-6 hover:focus:border-transparent text-sm py-1 px-4"
    type="button"
  >
    Button
  </button>
  <button
    class="flex items-center justify-center gap-2 rounded-md border-2 border-accent-7 bg-accent-1 font-medium text-accent-11 no-underline outline-none transition hover:border-accent-8 focus:border-transparent focus:bg-accent-9 focus:text-accentContrast focus:ring-4 focus:ring-accent-6 hover:focus:border-transparent text-base py-2 px-6"
    type="button"
  >
    Button
  </button>
  <button
    class="flex items-center justify-center gap-2 rounded-md border-2 border-accent-7 bg-accent-1 font-medium text-accent-11 no-underline outline-none transition hover:border-accent-8 focus:border-transparent focus:bg-accent-9 focus:text-accentContrast focus:ring-4 focus:ring-accent-6 hover:focus:border-transparent text-lg py-3 px-8"
    type="button"
  >
    Button
  </button>
</div>
`;
