// Bun Snapshot v1, https://goo.gl/fbAQLP

exports[`<StarRating /> Snapshot 1`] = `[Function]`;
